 a.k.shukla |2233 | g.m | sales | 12/12/52 | 6000
 jai sharma |9876 | director | production | 12/03/50 | 7000
 sumit chakrobarty |5678 | d.g.m. | marketing | 19/04/43 | 6000
 barun sengupta |2365 | director | personnel | 11/05/47 | 7800
 n.k.gupta |5423 | chairman | admin | 30/08/56 | 5400
 chanchal singhvi |1006 | director | sales | 03/09/38 | 6700
 karuna ganguly |6213 | g.m. | accounts | 05/06/62 | 6300
 s.n. dasgupta |1265 | manager | sales | 12/09/63 | 5600
 jayant choudhury |4290 | executive | production | 07/09/50 | 6000
 anil aggarwal |2476 | manager | sales | 01/05/59 | 5000
 lalit chowdury |6521 | directir | marketing | 26/09/45 | 8200
 shyam saksena |3212 | d.g.m. | accounts | 12/12/55 | 6000
 sudhir agarwal |3564 | executive | personnel | 06/07/47 | 7500
 j. b. sexena |2345 | g.m. | marketing | 12/03/45 | 8000
 v.k.agrawal |0110 | g.m.| marketing | 31/12/40 | 9000
 v.k.agrawal |0110 | g.m.| marketing | 31/12/40 | 9000
 shesh |1111 | 1 | 2 | 3
 ayush |2 | 1 | 2 | 3
 kalpuish |110 | 1 | 2 | 3
 vivek |3 | 1 | 2 | 3
